core_cm0plus.h:741:22:__NVIC_EnableIRQ	16	static
main.c:27:5:main	8	static
main.c:42:6:clock_config	8	static
main.c:49:6:EXTI_config	8	static
main.c:65:6:gpio_config	8	static
main.c:194:6:EXTI_RTSR1_RT0_IRQHandler	8	static
main.c:208:6:EXTI_RTSR1_RT1_IRQHandler	8	static
main.c:217:6:EXTI_RTSR1_RT2_IRQHandler	8	static
main.c:226:6:EXTI_RTSR1_RT3_IRQHandler	8	static
main.c:236:7:number0	8	static
main.c:240:7:number1	8	static
main.c:244:7:number2	8	static
main.c:248:7:number3	8	static
main.c:252:7:number4	8	static
main.c:256:7:number5	8	static
main.c:260:7:number6	8	static
main.c:264:7:number7	8	static
main.c:268:7:number8	8	static
main.c:272:7:number9	8	static
main.c:277:6:delay	16	static
